Microsoft (R) Macro Assembler Version 14.42.34436.0	    02/25/25 12:50:24
LabExercise5.asm					     Page 1 - 1


				; Assignment #: Lab Exercise 5
				; Program Description: 
				; Author: Caden Pun (student: 2164581)
				; Creation Date: 2/25/25
				; Revisions: 0
				; Date:              Modified by:

				.386
				.model flat,stdcall
				.stack 4096
				ExitProcess PROTO, dwExitCode:DWORD
 00000000			.data
 00000000 0064			intA word 100
 00000002 FF9C			intB sword -100
 00000004 00000001		arrayD dword 1,2,3,4
	   00000002
	   00000003
	   00000004
 00000000			.code
 00000000			main PROC
 00000000  0F B7 1D			movzx ebx, intA
	   00000000 R
 00000007  0F BF 15			movsx edx, intB
	   00000002 R

 0000000E  A1 00000004 R		mov eax, arrayD
 00000013  87 05 00000010 R		xchg eax, arrayD+12
 00000019  A3 00000004 R		mov arrayD, eax

 0000001E  A1 00000008 R		mov eax, arrayD+4
 00000023  87 05 0000000C R		xchg eax, arrayD+8
 00000029  A3 00000008 R		mov arrayD+4, eax

					INVOKE ExitProcess,0
 0000002E  6A 00	   *	    push   +000000000h
 00000030  E8 00000000 E   *	    call   ExitProcess
 00000035			main ENDP
				; (insert additional procedures here)
				END main
Microsoft (R) Macro Assembler Version 14.42.34436.0	    02/25/25 12:50:24
LabExercise5.asm					     Symbols 2 - 1




Segments and Groups:

                N a m e                 Size     Length   Align   Combine Class

FLAT . . . . . . . . . . . . . .	GROUP
STACK  . . . . . . . . . . . . .	32 Bit	 00001000 DWord	  Stack	  'STACK'	 
_DATA  . . . . . . . . . . . . .	32 Bit	 00000014 DWord	  Public  'DATA'	
_TEXT  . . . . . . . . . . . . .	32 Bit	 00000035 DWord	  Public  'CODE'	


Procedures, parameters, and locals:

                N a m e                 Type     Value    Attr

ExitProcess  . . . . . . . . . .	P Near	 00000000 FLAT	Length= 00000000 External STDCALL
main . . . . . . . . . . . . . .	P Near	 00000000 _TEXT	Length= 00000035 Public STDCALL


Symbols:

                N a m e                 Type     Value    Attr

@CodeSize  . . . . . . . . . . .	Number	 00000000h   
@DataSize  . . . . . . . . . . .	Number	 00000000h   
@Interface . . . . . . . . . . .	Number	 00000003h   
@Model . . . . . . . . . . . . .	Number	 00000007h   
@code  . . . . . . . . . . . . .	Text   	 _TEXT
@data  . . . . . . . . . . . . .	Text   	 FLAT
@fardata?  . . . . . . . . . . .	Text   	 FLAT
@fardata . . . . . . . . . . . .	Text   	 FLAT
@stack . . . . . . . . . . . . .	Text   	 FLAT
arrayD . . . . . . . . . . . . .	DWord	 00000004 _DATA	
intA . . . . . . . . . . . . . .	Word	 00000000 _DATA	
intB . . . . . . . . . . . . . .	Word	 00000002 _DATA	

	   0 Warnings
	   0 Errors
