Microsoft (R) Macro Assembler Version 14.42.34436.0	    03/05/25 18:05:14
LabExercise6.asm					     Page 1 - 1


				; Assignment #: Lab Exercise 6
				; Program Description: Copying a string in reverse
				; Author: Caden Pun (student: 2164581)
				; Creation Date: 3/5/25
				; Revisions: 0
				; Date:              Modified by:

				.386
				.model flat,stdcall
				.stack 4096
				ExitProcess PROTO, dwExitCode:dword

 00000000			.data
 00000000 54 68 69 73 20	source  byte  "This is the source string",0
	   69 73 20 74 68
	   65 20 73 6F 75
	   72 63 65 20 73
	   74 72 69 6E 67
	   00
 0000001A  0000001A [		target  byte  SIZEOF source DUP(0),0
	    00
	   ] 00

 00000000			.code
 00000000			main proc

 00000000  BE 00000000 R		mov  esi, OFFSET source	; indirect addressing register
 00000005  BF 0000001A R		mov  edi, OFFSET target	; indirect addressing register
 0000000A  B9 0000001A			mov  ecx, SIZEOF source	; loop counter
 0000000F  03 F1			add esi, ecx
 00000011  4E				dec esi                 ; start at last char (size - 1)
 00000012			L1:
 00000012  8A 06			mov  al, [esi]			; get a character from source
 00000014  88 07			mov  [edi],al			; store it in the target
 00000016  4E				dec  esi				; move to next character (backwards)
 00000017  47				inc  edi				; move to next character
 00000018  E2 F8			loop L1					; repeat for entire string

					invoke ExitProcess,0
 0000001A  6A 00	   *	    push   +000000000h
 0000001C  E8 00000000 E   *	    call   ExitProcess
 00000021			main endp
				end main
Microsoft (R) Macro Assembler Version 14.42.34436.0	    03/05/25 18:05:14
LabExercise6.asm					     Symbols 2 - 1




Segments and Groups:

                N a m e                 Size     Length   Align   Combine Class

FLAT . . . . . . . . . . . . . .	GROUP
STACK  . . . . . . . . . . . . .	32 Bit	 00001000 DWord	  Stack	  'STACK'	 
_DATA  . . . . . . . . . . . . .	32 Bit	 00000035 DWord	  Public  'DATA'	
_TEXT  . . . . . . . . . . . . .	32 Bit	 00000021 DWord	  Public  'CODE'	


Procedures, parameters, and locals:

                N a m e                 Type     Value    Attr

ExitProcess  . . . . . . . . . .	P Near	 00000000 FLAT	Length= 00000000 External STDCALL
main . . . . . . . . . . . . . .	P Near	 00000000 _TEXT	Length= 00000021 Public STDCALL
  L1 . . . . . . . . . . . . . .	L Near	 00000012 _TEXT	


Symbols:

                N a m e                 Type     Value    Attr

@CodeSize  . . . . . . . . . . .	Number	 00000000h   
@DataSize  . . . . . . . . . . .	Number	 00000000h   
@Interface . . . . . . . . . . .	Number	 00000003h   
@Model . . . . . . . . . . . . .	Number	 00000007h   
@code  . . . . . . . . . . . . .	Text   	 _TEXT
@data  . . . . . . . . . . . . .	Text   	 FLAT
@fardata?  . . . . . . . . . . .	Text   	 FLAT
@fardata . . . . . . . . . . . .	Text   	 FLAT
@stack . . . . . . . . . . . . .	Text   	 FLAT
source . . . . . . . . . . . . .	Byte	 00000000 _DATA	
target . . . . . . . . . . . . .	Byte	 0000001A _DATA	

	   0 Warnings
	   0 Errors
